Archive member included because of file (symbol)

c:/winavr-20100110/bin/../lib/gcc/avr/4.3.3/avr5\libgcc.a(_exit.o)
                              c:/winavr-20100110/bin/../lib/gcc/avr/4.3.3/../../../../avr/lib/avr5/crtm169.o (exit)
c:/winavr-20100110/bin/../lib/gcc/avr/4.3.3/avr5\libgcc.a(_copy_data.o)
                              PC_Comm.o (__do_copy_data)
c:/winavr-20100110/bin/../lib/gcc/avr/4.3.3/avr5\libgcc.a(_clear_bss.o)
                              Demonstrator.o (__do_clear_bss)

Allocating common symbols
Common symbol       size              file

gScrollMode         0x1               LCD_driver.o
LCD_Data            0x14              LCD_driver.o
gTextBuffer         0x40              LCD_driver.o
gScroll             0x1               LCD_driver.o

Memory Configuration

Name             Origin             Length             Attributes
text             0x00000000         0x00020000         xr
data             0x00800060         0x0000ffa0         rw !x
eeprom           0x00810000         0x00010000         rw !x
fuse             0x00820000         0x00000400         rw !x
lock             0x00830000         0x00000400         rw !x
signature        0x00840000         0x00000400         rw !x
*default*        0x00000000         0xffffffff

Linker script and memory map

Address of section .data set to 0x800100
LOAD c:/winavr-20100110/bin/../lib/gcc/avr/4.3.3/../../../../avr/lib/avr5/crtm169.o
LOAD PC_Comm.o
LOAD Demonstrator.o
LOAD LCD_driver.o
LOAD LCD_functions.o
LOAD eeprom.o
LOAD c:/winavr-20100110/bin/../lib/gcc/avr/4.3.3/../../../../avr/lib/avr5\libm.a
LOAD c:/winavr-20100110/bin/../lib/gcc/avr/4.3.3/avr5\libgcc.a
LOAD c:/winavr-20100110/bin/../lib/gcc/avr/4.3.3/../../../../avr/lib/avr5\libc.a
LOAD c:/winavr-20100110/bin/../lib/gcc/avr/4.3.3/avr5\libgcc.a

.hash
 *(.hash)

.dynsym
 *(.dynsym)

.dynstr
 *(.dynstr)

.gnu.version
 *(.gnu.version)

.gnu.version_d
 *(.gnu.version_d)

.gnu.version_r
 *(.gnu.version_r)

.rel.init
 *(.rel.init)

.rela.init
 *(.rela.init)

.rel.text
 *(.rel.text)
 *(.rel.text.*)
 *(.rel.gnu.linkonce.t*)

.rela.text
 *(.rela.text)
 *(.rela.text.*)
 *(.rela.gnu.linkonce.t*)

.rel.fini
 *(.rel.fini)

.rela.fini
 *(.rela.fini)

.rel.rodata
 *(.rel.rodata)
 *(.rel.rodata.*)
 *(.rel.gnu.linkonce.r*)

.rela.rodata
 *(.rela.rodata)
 *(.rela.rodata.*)
 *(.rela.gnu.linkonce.r*)

.rel.data
 *(.rel.data)
 *(.rel.data.*)
 *(.rel.gnu.linkonce.d*)

.rela.data
 *(.rela.data)
 *(.rela.data.*)
 *(.rela.gnu.linkonce.d*)

.rel.ctors
 *(.rel.ctors)

.rela.ctors
 *(.rela.ctors)

.rel.dtors
 *(.rel.dtors)

.rela.dtors
 *(.rela.dtors)

.rel.got
 *(.rel.got)

.rela.got
 *(.rela.got)

.rel.bss
 *(.rel.bss)

.rela.bss
 *(.rela.bss)

.rel.plt
 *(.rel.plt)

.rela.plt
 *(.rela.plt)

.text           0x00000000      0x8b4
 *(.vectors)
 .vectors       0x00000000       0x5c c:/winavr-20100110/bin/../lib/gcc/avr/4.3.3/../../../../avr/lib/avr5/crtm169.o
                0x00000000                __vectors
                0x00000000                __vector_default
 *(.vectors)
 *(.progmem.gcc*)
 *(.progmem*)
 .progmem.data  0x0000005c       0xa3 Demonstrator.o
                0x000000b3                Scroller_msg
                0x000000c3                OnMSG_msg
                0x000000e3                INVALID_msg
                0x0000005c                TALKING_TO
                0x00000077                WHO_DEMO
                0x00000099                BAD_COMMAND2
                0x0000008b                BAD_COMMAND1
 .progmem.data  0x000000ff       0x6c LCD_driver.o
                0x000000ff                LCD_character_table
                0x0000016c                . = ALIGN (0x2)
 *fill*         0x0000016b        0x1 00
                0x0000016c                __trampolines_start = .
 *(.trampolines)
 .trampolines   0x0000016c        0x0 linker stubs
 *(.trampolines*)
                0x0000016c                __trampolines_end = .
 *(.jumptables)
 *(.jumptables*)
 *(.lowtext)
 *(.lowtext*)
                0x0000016c                __ctors_start = .
 *(.ctors)
                0x0000016c                __ctors_end = .
                0x0000016c                __dtors_start = .
 *(.dtors)
                0x0000016c                __dtors_end = .
 SORT(*)(.ctors)
 SORT(*)(.dtors)
 *(.init0)
 .init0         0x0000016c        0x0 c:/winavr-20100110/bin/../lib/gcc/avr/4.3.3/../../../../avr/lib/avr5/crtm169.o
                0x0000016c                __init
 *(.init0)
 *(.init1)
 *(.init1)
 *(.init2)
 .init2         0x0000016c        0xc c:/winavr-20100110/bin/../lib/gcc/avr/4.3.3/../../../../avr/lib/avr5/crtm169.o
 *(.init2)
 *(.init3)
 *(.init3)
 *(.init4)
 .init4         0x00000178       0x16 c:/winavr-20100110/bin/../lib/gcc/avr/4.3.3/avr5\libgcc.a(_copy_data.o)
                0x00000178                __do_copy_data
 .init4         0x0000018e       0x10 c:/winavr-20100110/bin/../lib/gcc/avr/4.3.3/avr5\libgcc.a(_clear_bss.o)
                0x0000018e                __do_clear_bss
 *(.init4)
 *(.init5)
 *(.init5)
 *(.init6)
 *(.init6)
 *(.init7)
 *(.init7)
 *(.init8)
 *(.init8)
 *(.init9)
 .init9         0x0000019e        0x8 c:/winavr-20100110/bin/../lib/gcc/avr/4.3.3/../../../../avr/lib/avr5/crtm169.o
 *(.init9)
 *(.text)
 .text          0x000001a6        0x4 c:/winavr-20100110/bin/../lib/gcc/avr/4.3.3/../../../../avr/lib/avr5/crtm169.o
                0x000001a6                __vector_1
                0x000001a6                __vector_12
                0x000001a6                __bad_interrupt
                0x000001a6                __vector_6
                0x000001a6                __vector_3
                0x000001a6                __vector_11
                0x000001a6                __vector_13
                0x000001a6                __vector_17
                0x000001a6                __vector_19
                0x000001a6                __vector_7
                0x000001a6                __vector_5
                0x000001a6                __vector_4
                0x000001a6                __vector_9
                0x000001a6                __vector_2
                0x000001a6                __vector_21
                0x000001a6                __vector_15
                0x000001a6                __vector_8
                0x000001a6                __vector_14
                0x000001a6                __vector_10
                0x000001a6                __vector_16
                0x000001a6                __vector_18
                0x000001a6                __vector_20
 .text          0x000001aa      0x22a PC_Comm.o
                0x00000258                USARTinit
                0x0000028e                OSCCAL_calibration
                0x000001bc                sendChar
                0x00000356                main
                0x000001b6                receiveChar
                0x00000226                sendFString
                0x000001f6                sendString
                0x000001aa                isCharAvailable
 .text          0x000003d4      0x122 Demonstrator.o
                0x000004d4                initializer
                0x000003d4                showEEPROM
                0x00000414                OnMSG
                0x0000046e                parseInput
 .text          0x000004f6      0x210 LCD_driver.o
                0x000005aa                __vector_22
                0x000004f6                LCD_WriteDigit
                0x0000057e                LCD_Init
                0x0000056a                LCD_AllSegments
 .text          0x00000706      0x154 LCD_functions.o
                0x000007d4                LCD_Clear
                0x00000706                LCD_puts_f
                0x000007e4                LCD_Colon
                0x00000808                SetContrast
                0x00000802                LCD_FlashReset
                0x00000764                LCD_puts
                0x000007ea                LCD_UpdateRequired
                0x000007c4                LCD_putc
 .text          0x0000085a       0x56 eeprom.o
                0x0000088e                LoadEEPROM
                0x0000085a                StoreEEPROM
 .text          0x000008b0        0x0 c:/winavr-20100110/bin/../lib/gcc/avr/4.3.3/avr5\libgcc.a(_exit.o)
 .text          0x000008b0        0x0 c:/winavr-20100110/bin/../lib/gcc/avr/4.3.3/avr5\libgcc.a(_copy_data.o)
 .text          0x000008b0        0x0 c:/winavr-20100110/bin/../lib/gcc/avr/4.3.3/avr5\libgcc.a(_clear_bss.o)
                0x000008b0                . = ALIGN (0x2)
 *(.text.*)
 .text.libgcc   0x000008b0        0x0 c:/winavr-20100110/bin/../lib/gcc/avr/4.3.3/avr5\libgcc.a(_exit.o)
 .text.libgcc   0x000008b0        0x0 c:/winavr-20100110/bin/../lib/gcc/avr/4.3.3/avr5\libgcc.a(_copy_data.o)
 .text.libgcc   0x000008b0        0x0 c:/winavr-20100110/bin/../lib/gcc/avr/4.3.3/avr5\libgcc.a(_clear_bss.o)
                0x000008b0                . = ALIGN (0x2)
 *(.fini9)
 .fini9         0x000008b0        0x0 c:/winavr-20100110/bin/../lib/gcc/avr/4.3.3/avr5\libgcc.a(_exit.o)
                0x000008b0                exit
                0x000008b0                _exit
 *(.fini9)
 *(.fini8)
 *(.fini8)
 *(.fini7)
 *(.fini7)
 *(.fini6)
 *(.fini6)
 *(.fini5)
 *(.fini5)
 *(.fini4)
 *(.fini4)
 *(.fini3)
 *(.fini3)
 *(.fini2)
 *(.fini2)
 *(.fini1)
 *(.fini1)
 *(.fini0)
 .fini0         0x000008b0        0x4 c:/winavr-20100110/bin/../lib/gcc/avr/4.3.3/avr5\libgcc.a(_exit.o)
 *(.fini0)
                0x000008b4                _etext = .

.data           0x00800100       0x24 load address 0x000008b4
                0x00800100                PROVIDE (__data_start, .)
 *(.data)
 .data          0x00800100        0x0 c:/winavr-20100110/bin/../lib/gcc/avr/4.3.3/../../../../avr/lib/avr5/crtm169.o
 .data          0x00800100       0x21 PC_Comm.o
 .data          0x00800121        0x0 Demonstrator.o
 .data          0x00800121        0x1 LCD_driver.o
 .data          0x00800122        0x1 LCD_functions.o
                0x00800122                CONTRAST
 .data          0x00800123        0x0 eeprom.o
 .data          0x00800123        0x0 c:/winavr-20100110/bin/../lib/gcc/avr/4.3.3/avr5\libgcc.a(_exit.o)
 .data          0x00800123        0x0 c:/winavr-20100110/bin/../lib/gcc/avr/4.3.3/avr5\libgcc.a(_copy_data.o)
 .data          0x00800123        0x0 c:/winavr-20100110/bin/../lib/gcc/avr/4.3.3/avr5\libgcc.a(_clear_bss.o)
 *(.data*)
 *(.rodata)
 *(.rodata*)
 *(.gnu.linkonce.d*)
                0x00800124                . = ALIGN (0x2)
 *fill*         0x00800123        0x1 00
                0x00800124                _edata = .
                0x00800124                PROVIDE (__data_end, .)

.bss            0x00800124       0x9b
                0x00800124                PROVIDE (__bss_start, .)
 *(.bss)
 .bss           0x00800124        0x0 c:/winavr-20100110/bin/../lib/gcc/avr/4.3.3/../../../../avr/lib/avr5/crtm169.o
 .bss           0x00800124        0x0 PC_Comm.o
 .bss           0x00800124       0x41 Demonstrator.o
 .bss           0x00800165        0x4 LCD_driver.o
                0x00800165                gLCD_Update_Required
                0x00800168                gColon
                0x00800167                gFlashTimer
                0x00800166                gLCD_Start_Scroll_Timer
 .bss           0x00800169        0x0 LCD_functions.o
 .bss           0x00800169        0x0 eeprom.o
 .bss           0x00800169        0x0 c:/winavr-20100110/bin/../lib/gcc/avr/4.3.3/avr5\libgcc.a(_exit.o)
 .bss           0x00800169        0x0 c:/winavr-20100110/bin/../lib/gcc/avr/4.3.3/avr5\libgcc.a(_copy_data.o)
 .bss           0x00800169        0x0 c:/winavr-20100110/bin/../lib/gcc/avr/4.3.3/avr5\libgcc.a(_clear_bss.o)
 *(.bss*)
 *(COMMON)
 COMMON         0x00800169       0x56 LCD_driver.o
                0x00800169                gScrollMode
                0x0080016a                LCD_Data
                0x0080017e                gTextBuffer
                0x008001be                gScroll
                0x008001bf                PROVIDE (__bss_end, .)
                0x000008b4                __data_load_start = LOADADDR (.data)
                0x000008d8                __data_load_end = (__data_load_start + SIZEOF (.data))

.noinit         0x008001bf        0x0
                0x008001bf                PROVIDE (__noinit_start, .)
 *(.noinit*)
                0x008001bf                PROVIDE (__noinit_end, .)
                0x008001bf                _end = .
                0x008001bf                PROVIDE (__heap_start, .)

.eeprom         0x00810000        0x0
 *(.eeprom*)
                0x00810000                __eeprom_end = .

.fuse
 *(.fuse)
 *(.lfuse)
 *(.hfuse)
 *(.efuse)

.lock
 *(.lock*)

.signature
 *(.signature*)

.stab
 *(.stab)

.stabstr
 *(.stabstr)

.stab.excl
 *(.stab.excl)

.stab.exclstr
 *(.stab.exclstr)

.stab.index
 *(.stab.index)

.stab.indexstr
 *(.stab.indexstr)

.comment
 *(.comment)

.debug
 *(.debug)

.line
 *(.line)

.debug_srcinfo
 *(.debug_srcinfo)

.debug_sfnames
 *(.debug_sfnames)

.debug_aranges  0x00000000       0xa0
 *(.debug_aranges)
 .debug_aranges
                0x00000000       0x20 PC_Comm.o
 .debug_aranges
                0x00000020       0x20 Demonstrator.o
 .debug_aranges
                0x00000040       0x20 LCD_driver.o
 .debug_aranges
                0x00000060       0x20 LCD_functions.o
 .debug_aranges
                0x00000080       0x20 eeprom.o

.debug_pubnames
                0x00000000      0x30d
 *(.debug_pubnames)
 .debug_pubnames
                0x00000000       0x90 PC_Comm.o
 .debug_pubnames
                0x00000090       0xb7 Demonstrator.o
 .debug_pubnames
                0x00000147       0xf7 LCD_driver.o
 .debug_pubnames
                0x0000023e       0x9e LCD_functions.o
 .debug_pubnames
                0x000002dc       0x31 eeprom.o

.debug_info     0x00000000      0xdba
 *(.debug_info)
 .debug_info    0x00000000      0x29b PC_Comm.o
 .debug_info    0x0000029b      0x2f3 Demonstrator.o
 .debug_info    0x0000058e      0x2b0 LCD_driver.o
 .debug_info    0x0000083e      0x3da LCD_functions.o
 .debug_info    0x00000c18      0x1a2 eeprom.o
 *(.gnu.linkonce.wi.*)

.debug_abbrev   0x00000000      0x665
 *(.debug_abbrev)
 .debug_abbrev  0x00000000      0x16d PC_Comm.o
 .debug_abbrev  0x0000016d      0x13e Demonstrator.o
 .debug_abbrev  0x000002ab      0x141 LCD_driver.o
 .debug_abbrev  0x000003ec      0x185 LCD_functions.o
 .debug_abbrev  0x00000571       0xf4 eeprom.o

.debug_line     0x00000000      0xbcc
 *(.debug_line)
 .debug_line    0x00000000      0x38b PC_Comm.o
 .debug_line    0x0000038b      0x1fa Demonstrator.o
 .debug_line    0x00000585      0x284 LCD_driver.o
 .debug_line    0x00000809      0x267 LCD_functions.o
 .debug_line    0x00000a70      0x15c eeprom.o

.debug_frame    0x00000000      0x1f0
 *(.debug_frame)
 .debug_frame   0x00000000       0x90 PC_Comm.o
 .debug_frame   0x00000090       0x50 Demonstrator.o
 .debug_frame   0x000000e0       0x50 LCD_driver.o
 .debug_frame   0x00000130       0x90 LCD_functions.o
 .debug_frame   0x000001c0       0x30 eeprom.o

.debug_str      0x00000000      0x40f
 *(.debug_str)
 .debug_str     0x00000000      0x16b PC_Comm.o
                                0x1aa (size before relaxing)
 .debug_str     0x0000016b       0xdf Demonstrator.o
                                0x1c8 (size before relaxing)
 .debug_str     0x0000024a       0xe7 LCD_driver.o
                                0x1e0 (size before relaxing)
 .debug_str     0x00000331       0x9f LCD_functions.o
                                0x20f (size before relaxing)
 .debug_str     0x000003d0       0x3f eeprom.o
                                0x158 (size before relaxing)

.debug_loc      0x00000000      0x525
 *(.debug_loc)
 .debug_loc     0x00000000      0x1bc PC_Comm.o
 .debug_loc     0x000001bc       0x6e Demonstrator.o
 .debug_loc     0x0000022a      0x158 LCD_driver.o
 .debug_loc     0x00000382      0x173 LCD_functions.o
 .debug_loc     0x000004f5       0x30 eeprom.o

.debug_macinfo
 *(.debug_macinfo)
OUTPUT(PC_Comm.elf elf32-avr)
LOAD linker stubs

Cross Reference Table

Symbol                                            File
BAD_COMMAND1                                      Demonstrator.o
BAD_COMMAND2                                      Demonstrator.o
CONTRAST                                          LCD_functions.o
INVALID_msg                                       Demonstrator.o
LCD_AllSegments                                   LCD_driver.o
LCD_Clear                                         LCD_functions.o
LCD_Colon                                         LCD_functions.o
LCD_Data                                          LCD_driver.o
LCD_FlashReset                                    LCD_functions.o
LCD_Init                                          LCD_driver.o
                                                  Demonstrator.o
LCD_UpdateRequired                                LCD_functions.o
LCD_WriteDigit                                    LCD_driver.o
LCD_character_table                               LCD_driver.o
LCD_putc                                          LCD_functions.o
LCD_puts                                          LCD_functions.o
                                                  Demonstrator.o
LCD_puts_f                                        LCD_functions.o
                                                  Demonstrator.o
LoadEEPROM                                        eeprom.o
                                                  Demonstrator.o
OSCCAL_calibration                                PC_Comm.o
                                                  Demonstrator.o
OnMSG                                             Demonstrator.o
OnMSG_msg                                         Demonstrator.o
Scroller_msg                                      Demonstrator.o
SetContrast                                       LCD_functions.o
StoreEEPROM                                       eeprom.o
                                                  Demonstrator.o
TALKING_TO                                        Demonstrator.o
USARTinit                                         PC_Comm.o
                                                  Demonstrator.o
WHO_DEMO                                          Demonstrator.o
__bad_interrupt                                   c:/winavr-20100110/bin/../lib/gcc/avr/4.3.3/../../../../avr/lib/avr5/crtm169.o
__bss_end                                         c:/winavr-20100110/bin/../lib/gcc/avr/4.3.3/avr5\libgcc.a(_clear_bss.o)
__bss_start                                       c:/winavr-20100110/bin/../lib/gcc/avr/4.3.3/avr5\libgcc.a(_clear_bss.o)
__data_end                                        c:/winavr-20100110/bin/../lib/gcc/avr/4.3.3/avr5\libgcc.a(_copy_data.o)
__data_load_start                                 c:/winavr-20100110/bin/../lib/gcc/avr/4.3.3/avr5\libgcc.a(_copy_data.o)
__data_start                                      c:/winavr-20100110/bin/../lib/gcc/avr/4.3.3/avr5\libgcc.a(_copy_data.o)
__do_clear_bss                                    c:/winavr-20100110/bin/../lib/gcc/avr/4.3.3/avr5\libgcc.a(_clear_bss.o)
                                                  LCD_driver.o
                                                  Demonstrator.o
__do_copy_data                                    c:/winavr-20100110/bin/../lib/gcc/avr/4.3.3/avr5\libgcc.a(_copy_data.o)
                                                  LCD_functions.o
                                                  LCD_driver.o
                                                  PC_Comm.o
__heap_end                                        c:/winavr-20100110/bin/../lib/gcc/avr/4.3.3/../../../../avr/lib/avr5/crtm169.o
__init                                            c:/winavr-20100110/bin/../lib/gcc/avr/4.3.3/../../../../avr/lib/avr5/crtm169.o
__stack                                           c:/winavr-20100110/bin/../lib/gcc/avr/4.3.3/../../../../avr/lib/avr5/crtm169.o
__vector_1                                        c:/winavr-20100110/bin/../lib/gcc/avr/4.3.3/../../../../avr/lib/avr5/crtm169.o
__vector_10                                       c:/winavr-20100110/bin/../lib/gcc/avr/4.3.3/../../../../avr/lib/avr5/crtm169.o
__vector_11                                       c:/winavr-20100110/bin/../lib/gcc/avr/4.3.3/../../../../avr/lib/avr5/crtm169.o
__vector_12                                       c:/winavr-20100110/bin/../lib/gcc/avr/4.3.3/../../../../avr/lib/avr5/crtm169.o
__vector_13                                       c:/winavr-20100110/bin/../lib/gcc/avr/4.3.3/../../../../avr/lib/avr5/crtm169.o
__vector_14                                       c:/winavr-20100110/bin/../lib/gcc/avr/4.3.3/../../../../avr/lib/avr5/crtm169.o
__vector_15                                       c:/winavr-20100110/bin/../lib/gcc/avr/4.3.3/../../../../avr/lib/avr5/crtm169.o
__vector_16                                       c:/winavr-20100110/bin/../lib/gcc/avr/4.3.3/../../../../avr/lib/avr5/crtm169.o
__vector_17                                       c:/winavr-20100110/bin/../lib/gcc/avr/4.3.3/../../../../avr/lib/avr5/crtm169.o
__vector_18                                       c:/winavr-20100110/bin/../lib/gcc/avr/4.3.3/../../../../avr/lib/avr5/crtm169.o
__vector_19                                       c:/winavr-20100110/bin/../lib/gcc/avr/4.3.3/../../../../avr/lib/avr5/crtm169.o
__vector_2                                        c:/winavr-20100110/bin/../lib/gcc/avr/4.3.3/../../../../avr/lib/avr5/crtm169.o
__vector_20                                       c:/winavr-20100110/bin/../lib/gcc/avr/4.3.3/../../../../avr/lib/avr5/crtm169.o
__vector_21                                       c:/winavr-20100110/bin/../lib/gcc/avr/4.3.3/../../../../avr/lib/avr5/crtm169.o
__vector_22                                       LCD_driver.o
                                                  c:/winavr-20100110/bin/../lib/gcc/avr/4.3.3/../../../../avr/lib/avr5/crtm169.o
__vector_3                                        c:/winavr-20100110/bin/../lib/gcc/avr/4.3.3/../../../../avr/lib/avr5/crtm169.o
__vector_4                                        c:/winavr-20100110/bin/../lib/gcc/avr/4.3.3/../../../../avr/lib/avr5/crtm169.o
__vector_5                                        c:/winavr-20100110/bin/../lib/gcc/avr/4.3.3/../../../../avr/lib/avr5/crtm169.o
__vector_6                                        c:/winavr-20100110/bin/../lib/gcc/avr/4.3.3/../../../../avr/lib/avr5/crtm169.o
__vector_7                                        c:/winavr-20100110/bin/../lib/gcc/avr/4.3.3/../../../../avr/lib/avr5/crtm169.o
__vector_8                                        c:/winavr-20100110/bin/../lib/gcc/avr/4.3.3/../../../../avr/lib/avr5/crtm169.o
__vector_9                                        c:/winavr-20100110/bin/../lib/gcc/avr/4.3.3/../../../../avr/lib/avr5/crtm169.o
__vector_default                                  c:/winavr-20100110/bin/../lib/gcc/avr/4.3.3/../../../../avr/lib/avr5/crtm169.o
__vectors                                         c:/winavr-20100110/bin/../lib/gcc/avr/4.3.3/../../../../avr/lib/avr5/crtm169.o
_exit                                             c:/winavr-20100110/bin/../lib/gcc/avr/4.3.3/avr5\libgcc.a(_exit.o)
exit                                              c:/winavr-20100110/bin/../lib/gcc/avr/4.3.3/avr5\libgcc.a(_exit.o)
                                                  c:/winavr-20100110/bin/../lib/gcc/avr/4.3.3/../../../../avr/lib/avr5/crtm169.o
gColon                                            LCD_driver.o
                                                  LCD_functions.o
gFlashTimer                                       LCD_driver.o
                                                  LCD_functions.o
gLCD_Start_Scroll_Timer                           LCD_driver.o
                                                  LCD_functions.o
gLCD_Update_Required                              LCD_driver.o
                                                  LCD_functions.o
gScroll                                           LCD_functions.o
                                                  LCD_driver.o
gScrollMode                                       LCD_functions.o
                                                  LCD_driver.o
gTextBuffer                                       LCD_functions.o
                                                  LCD_driver.o
initializer                                       Demonstrator.o
                                                  PC_Comm.o
isCharAvailable                                   PC_Comm.o
main                                              PC_Comm.o
                                                  c:/winavr-20100110/bin/../lib/gcc/avr/4.3.3/../../../../avr/lib/avr5/crtm169.o
parseInput                                        Demonstrator.o
                                                  PC_Comm.o
receiveChar                                       PC_Comm.o
sendChar                                          PC_Comm.o
                                                  Demonstrator.o
sendFString                                       PC_Comm.o
                                                  Demonstrator.o
sendString                                        PC_Comm.o
showEEPROM                                        Demonstrator.o
