Archive member included because of file (symbol)

c:/winavr-20100110/bin/../lib/gcc/avr/4.3.3/avr5\libgcc.a(_udivmodqi4.o)
                              bcd.o (__udivmodqi4)
c:/winavr-20100110/bin/../lib/gcc/avr/4.3.3/avr5\libgcc.a(_exit.o)
                              c:/winavr-20100110/bin/../lib/gcc/avr/4.3.3/../../../../avr/lib/avr5/crtm169.o (exit)
c:/winavr-20100110/bin/../lib/gcc/avr/4.3.3/avr5\libgcc.a(_copy_data.o)
                              lcd_driver.o (__do_copy_data)
c:/winavr-20100110/bin/../lib/gcc/avr/4.3.3/avr5\libgcc.a(_clear_bss.o)
                              main.o (__do_clear_bss)

Allocating common symbols
Common symbol       size              file

gScrollMode         0x1               lcd_driver.o
input               0x1               main.o
gMILLISECOND        0x1               main.o
time                0x2               main.o
gSECOND             0x1               main.o
LCD_Data            0x14              lcd_driver.o
gTextBuffer         0x19              lcd_driver.o
gScroll             0x1               lcd_driver.o
gMINUTE             0x1               main.o

Memory Configuration

Name             Origin             Length             Attributes
text             0x00000000         0x00020000         xr
data             0x00800060         0x0000ffa0         rw !x
eeprom           0x00810000         0x00010000         rw !x
fuse             0x00820000         0x00000400         rw !x
lock             0x00830000         0x00000400         rw !x
signature        0x00840000         0x00000400         rw !x
*default*        0x00000000         0xffffffff

Linker script and memory map

Address of section .data set to 0x800100
LOAD c:/winavr-20100110/bin/../lib/gcc/avr/4.3.3/../../../../avr/lib/avr5/crtm169.o
LOAD main.o
LOAD bcd.o
LOAD lcd_driver.o
LOAD lcd_functions.o
LOAD c:/winavr-20100110/bin/../lib/gcc/avr/4.3.3/../../../../avr/lib/avr5\libm.a
LOAD c:/winavr-20100110/bin/../lib/gcc/avr/4.3.3/avr5\libgcc.a
LOAD c:/winavr-20100110/bin/../lib/gcc/avr/4.3.3/../../../../avr/lib/avr5\libc.a
LOAD c:/winavr-20100110/bin/../lib/gcc/avr/4.3.3/avr5\libgcc.a

.hash
 *(.hash)

.dynsym
 *(.dynsym)

.dynstr
 *(.dynstr)

.gnu.version
 *(.gnu.version)

.gnu.version_d
 *(.gnu.version_d)

.gnu.version_r
 *(.gnu.version_r)

.rel.init
 *(.rel.init)

.rela.init
 *(.rela.init)

.rel.text
 *(.rel.text)
 *(.rel.text.*)
 *(.rel.gnu.linkonce.t*)

.rela.text
 *(.rela.text)
 *(.rela.text.*)
 *(.rela.gnu.linkonce.t*)

.rel.fini
 *(.rel.fini)

.rela.fini
 *(.rela.fini)

.rel.rodata
 *(.rel.rodata)
 *(.rel.rodata.*)
 *(.rel.gnu.linkonce.r*)

.rela.rodata
 *(.rela.rodata)
 *(.rela.rodata.*)
 *(.rela.gnu.linkonce.r*)

.rel.data
 *(.rel.data)
 *(.rel.data.*)
 *(.rel.gnu.linkonce.d*)

.rela.data
 *(.rela.data)
 *(.rela.data.*)
 *(.rela.gnu.linkonce.d*)

.rel.ctors
 *(.rel.ctors)

.rela.ctors
 *(.rela.ctors)

.rel.dtors
 *(.rel.dtors)

.rela.dtors
 *(.rela.dtors)

.rel.got
 *(.rel.got)

.rela.got
 *(.rela.got)

.rel.bss
 *(.rel.bss)

.rela.bss
 *(.rela.bss)

.rel.plt
 *(.rel.plt)

.rela.plt
 *(.rela.plt)

.text           0x00000000      0x7de
 *(.vectors)
 .vectors       0x00000000       0x5c c:/winavr-20100110/bin/../lib/gcc/avr/4.3.3/../../../../avr/lib/avr5/crtm169.o
                0x00000000                __vectors
                0x00000000                __vector_default
 *(.vectors)
 *(.progmem.gcc*)
 *(.progmem*)
 .progmem.data  0x0000005c       0x6c lcd_driver.o
                0x0000005c                LCD_character_table
                0x000000c8                . = ALIGN (0x2)
                0x000000c8                __trampolines_start = .
 *(.trampolines)
 .trampolines   0x000000c8        0x0 linker stubs
 *(.trampolines*)
                0x000000c8                __trampolines_end = .
 *(.jumptables)
 *(.jumptables*)
 *(.lowtext)
 *(.lowtext*)
                0x000000c8                __ctors_start = .
 *(.ctors)
                0x000000c8                __ctors_end = .
                0x000000c8                __dtors_start = .
 *(.dtors)
                0x000000c8                __dtors_end = .
 SORT(*)(.ctors)
 SORT(*)(.dtors)
 *(.init0)
 .init0         0x000000c8        0x0 c:/winavr-20100110/bin/../lib/gcc/avr/4.3.3/../../../../avr/lib/avr5/crtm169.o
                0x000000c8                __init
 *(.init0)
 *(.init1)
 *(.init1)
 *(.init2)
 .init2         0x000000c8        0xc c:/winavr-20100110/bin/../lib/gcc/avr/4.3.3/../../../../avr/lib/avr5/crtm169.o
 *(.init2)
 *(.init3)
 *(.init3)
 *(.init4)
 .init4         0x000000d4       0x16 c:/winavr-20100110/bin/../lib/gcc/avr/4.3.3/avr5\libgcc.a(_copy_data.o)
                0x000000d4                __do_copy_data
 .init4         0x000000ea       0x10 c:/winavr-20100110/bin/../lib/gcc/avr/4.3.3/avr5\libgcc.a(_clear_bss.o)
                0x000000ea                __do_clear_bss
 *(.init4)
 *(.init5)
 *(.init5)
 *(.init6)
 *(.init6)
 *(.init7)
 *(.init7)
 *(.init8)
 *(.init8)
 *(.init9)
 .init9         0x000000fa        0x8 c:/winavr-20100110/bin/../lib/gcc/avr/4.3.3/../../../../avr/lib/avr5/crtm169.o
 *(.init9)
 *(.text)
 .text          0x00000102        0x4 c:/winavr-20100110/bin/../lib/gcc/avr/4.3.3/../../../../avr/lib/avr5/crtm169.o
                0x00000102                __vector_1
                0x00000102                __vector_12
                0x00000102                __bad_interrupt
                0x00000102                __vector_6
                0x00000102                __vector_11
                0x00000102                __vector_13
                0x00000102                __vector_17
                0x00000102                __vector_19
                0x00000102                __vector_7
                0x00000102                __vector_5
                0x00000102                __vector_4
                0x00000102                __vector_9
                0x00000102                __vector_21
                0x00000102                __vector_15
                0x00000102                __vector_8
                0x00000102                __vector_14
                0x00000102                __vector_16
                0x00000102                __vector_18
                0x00000102                __vector_20
 .text          0x00000106      0x340 main.o
                0x00000258                PinChangeInterrupt
                0x000002aa                __vector_3
                0x00000350                showClock
                0x00000190                OSCCAL_calibration
                0x00000402                main
                0x00000106                RTC_init
                0x000002f2                __vector_2
                0x0000033a                getkey
                0x0000012e                __vector_10
 .text          0x00000446       0x68 bcd.o
                0x00000446                CHAR2BCD2
                0x00000468                CHAR2BCD3
 .text          0x000004ae      0x210 lcd_driver.o
                0x00000562                __vector_22
                0x000004ae                LCD_WriteDigit
                0x00000536                LCD_Init
                0x00000522                LCD_AllSegments
 .text          0x000006be      0x104 lcd_functions.o
                0x0000078c                LCD_Clear
                0x000006be                LCD_puts_f
                0x0000079e                LCD_Colon
                0x000007bc                LCD_FlashReset
                0x0000071c                LCD_puts
                0x000007a4                LCD_UpdateRequired
                0x0000077c                LCD_putc
 .text          0x000007c2        0x0 c:/winavr-20100110/bin/../lib/gcc/avr/4.3.3/avr5\libgcc.a(_udivmodqi4.o)
 .text          0x000007c2        0x0 c:/winavr-20100110/bin/../lib/gcc/avr/4.3.3/avr5\libgcc.a(_exit.o)
 .text          0x000007c2        0x0 c:/winavr-20100110/bin/../lib/gcc/avr/4.3.3/avr5\libgcc.a(_copy_data.o)
 .text          0x000007c2        0x0 c:/winavr-20100110/bin/../lib/gcc/avr/4.3.3/avr5\libgcc.a(_clear_bss.o)
                0x000007c2                . = ALIGN (0x2)
 *(.text.*)
 .text.libgcc   0x000007c2       0x18 c:/winavr-20100110/bin/../lib/gcc/avr/4.3.3/avr5\libgcc.a(_udivmodqi4.o)
                0x000007c2                __udivmodqi4
 .text.libgcc   0x000007da        0x0 c:/winavr-20100110/bin/../lib/gcc/avr/4.3.3/avr5\libgcc.a(_exit.o)
 .text.libgcc   0x000007da        0x0 c:/winavr-20100110/bin/../lib/gcc/avr/4.3.3/avr5\libgcc.a(_copy_data.o)
 .text.libgcc   0x000007da        0x0 c:/winavr-20100110/bin/../lib/gcc/avr/4.3.3/avr5\libgcc.a(_clear_bss.o)
                0x000007da                . = ALIGN (0x2)
 *(.fini9)
 .fini9         0x000007da        0x0 c:/winavr-20100110/bin/../lib/gcc/avr/4.3.3/avr5\libgcc.a(_exit.o)
                0x000007da                exit
                0x000007da                _exit
 *(.fini9)
 *(.fini8)
 *(.fini8)
 *(.fini7)
 *(.fini7)
 *(.fini6)
 *(.fini6)
 *(.fini5)
 *(.fini5)
 *(.fini4)
 *(.fini4)
 *(.fini3)
 *(.fini3)
 *(.fini2)
 *(.fini2)
 *(.fini1)
 *(.fini1)
 *(.fini0)
 .fini0         0x000007da        0x4 c:/winavr-20100110/bin/../lib/gcc/avr/4.3.3/avr5\libgcc.a(_exit.o)
 *(.fini0)
                0x000007de                _etext = .

.data           0x00800100        0x2 load address 0x000007de
                0x00800100                PROVIDE (__data_start, .)
 *(.data)
 .data          0x00800100        0x0 c:/winavr-20100110/bin/../lib/gcc/avr/4.3.3/../../../../avr/lib/avr5/crtm169.o
 .data          0x00800100        0x0 main.o
 .data          0x00800100        0x0 bcd.o
 .data          0x00800100        0x1 lcd_driver.o
 .data          0x00800101        0x1 lcd_functions.o
                0x00800101                CONTRAST
 .data          0x00800102        0x0 c:/winavr-20100110/bin/../lib/gcc/avr/4.3.3/avr5\libgcc.a(_udivmodqi4.o)
 .data          0x00800102        0x0 c:/winavr-20100110/bin/../lib/gcc/avr/4.3.3/avr5\libgcc.a(_exit.o)
 .data          0x00800102        0x0 c:/winavr-20100110/bin/../lib/gcc/avr/4.3.3/avr5\libgcc.a(_copy_data.o)
 .data          0x00800102        0x0 c:/winavr-20100110/bin/../lib/gcc/avr/4.3.3/avr5\libgcc.a(_clear_bss.o)
 *(.data*)
 *(.rodata)
 *(.rodata*)
 *(.gnu.linkonce.d*)
                0x00800102                . = ALIGN (0x2)
                0x00800102                _edata = .
                0x00800102                PROVIDE (__data_end, .)

.bss            0x00800102       0x3c
                0x00800102                PROVIDE (__bss_start, .)
 *(.bss)
 .bss           0x00800102        0x0 c:/winavr-20100110/bin/../lib/gcc/avr/4.3.3/../../../../avr/lib/avr5/crtm169.o
 .bss           0x00800102        0x3 main.o
                0x00800104                active
                0x00800103                KEY_VALID
                0x00800102                KEY
 .bss           0x00800105        0x0 bcd.o
 .bss           0x00800105        0x4 lcd_driver.o
                0x00800105                gLCD_Update_Required
                0x00800108                gColon
                0x00800107                gFlashTimer
                0x00800106                gLCD_Start_Scroll_Timer
 .bss           0x00800109        0x0 lcd_functions.o
 .bss           0x00800109        0x0 c:/winavr-20100110/bin/../lib/gcc/avr/4.3.3/avr5\libgcc.a(_udivmodqi4.o)
 .bss           0x00800109        0x0 c:/winavr-20100110/bin/../lib/gcc/avr/4.3.3/avr5\libgcc.a(_exit.o)
 .bss           0x00800109        0x0 c:/winavr-20100110/bin/../lib/gcc/avr/4.3.3/avr5\libgcc.a(_copy_data.o)
 .bss           0x00800109        0x0 c:/winavr-20100110/bin/../lib/gcc/avr/4.3.3/avr5\libgcc.a(_clear_bss.o)
 *(.bss*)
 *(COMMON)
 COMMON         0x00800109        0x6 main.o
                0x00800109                input
                0x0080010a                gMILLISECOND
                0x0080010b                time
                0x0080010d                gSECOND
                0x0080010e                gMINUTE
 COMMON         0x0080010f       0x2f lcd_driver.o
                0x0080010f                gScrollMode
                0x00800110                LCD_Data
                0x00800124                gTextBuffer
                0x0080013d                gScroll
                0x0080013e                PROVIDE (__bss_end, .)
                0x000007de                __data_load_start = LOADADDR (.data)
                0x000007e0                __data_load_end = (__data_load_start + SIZEOF (.data))

.noinit         0x0080013e        0x0
                0x0080013e                PROVIDE (__noinit_start, .)
 *(.noinit*)
                0x0080013e                PROVIDE (__noinit_end, .)
                0x0080013e                _end = .
                0x0080013e                PROVIDE (__heap_start, .)

.eeprom         0x00810000        0x0
 *(.eeprom*)
                0x00810000                __eeprom_end = .

.fuse
 *(.fuse)
 *(.lfuse)
 *(.hfuse)
 *(.efuse)

.lock
 *(.lock*)

.signature
 *(.signature*)

.stab
 *(.stab)

.stabstr
 *(.stabstr)

.stab.excl
 *(.stab.excl)

.stab.exclstr
 *(.stab.exclstr)

.stab.index
 *(.stab.index)

.stab.indexstr
 *(.stab.indexstr)

.comment
 *(.comment)

.debug
 *(.debug)

.line
 *(.line)

.debug_srcinfo
 *(.debug_srcinfo)

.debug_sfnames
 *(.debug_sfnames)

.debug_aranges  0x00000000       0x80
 *(.debug_aranges)
 .debug_aranges
                0x00000000       0x20 main.o
 .debug_aranges
                0x00000020       0x20 bcd.o
 .debug_aranges
                0x00000040       0x20 lcd_driver.o
 .debug_aranges
                0x00000060       0x20 lcd_functions.o

.debug_pubnames
                0x00000000      0x2ad
 *(.debug_pubnames)
 .debug_pubnames
                0x00000000       0xfa main.o
 .debug_pubnames
                0x000000fa       0x2e bcd.o
 .debug_pubnames
                0x00000128       0xf7 lcd_driver.o
 .debug_pubnames
                0x0000021f       0x8e lcd_functions.o

.debug_info     0x00000000      0x8da
 *(.debug_info)
 .debug_info    0x00000000      0x2fa main.o
 .debug_info    0x000002fa       0xa9 bcd.o
 .debug_info    0x000003a3      0x2b0 lcd_driver.o
 .debug_info    0x00000653      0x287 lcd_functions.o
 *(.gnu.linkonce.wi.*)

.debug_abbrev   0x00000000      0x44c
 *(.debug_abbrev)
 .debug_abbrev  0x00000000      0x196 main.o
 .debug_abbrev  0x00000196       0x5f bcd.o
 .debug_abbrev  0x000001f5      0x141 lcd_driver.o
 .debug_abbrev  0x00000336      0x116 lcd_functions.o

.debug_line     0x00000000      0x9f4
 *(.debug_line)
 .debug_line    0x00000000      0x4e7 main.o
 .debug_line    0x000004e7       0x7f bcd.o
 .debug_line    0x00000566      0x284 lcd_driver.o
 .debug_line    0x000007ea      0x20a lcd_functions.o

.debug_frame    0x00000000      0x1a0
 *(.debug_frame)
 .debug_frame   0x00000000       0xa0 main.o
 .debug_frame   0x000000a0       0x30 bcd.o
 .debug_frame   0x000000d0       0x50 lcd_driver.o
 .debug_frame   0x00000120       0x80 lcd_functions.o

.debug_str      0x00000000      0x337
 *(.debug_str)
 .debug_str     0x00000000      0x188 main.o
                                0x1c1 (size before relaxing)
 .debug_str     0x00000188       0x1f bcd.o
                                 0x97 (size before relaxing)
 .debug_str     0x000001a7       0xf9 lcd_driver.o
                                0x1d4 (size before relaxing)
 .debug_str     0x000002a0       0x97 lcd_functions.o
                                0x1f1 (size before relaxing)

.debug_loc      0x00000000      0x3f2
 *(.debug_loc)
 .debug_loc     0x00000000      0x109 main.o
 .debug_loc     0x00000109       0x3c bcd.o
 .debug_loc     0x00000145      0x158 lcd_driver.o
 .debug_loc     0x0000029d      0x155 lcd_functions.o

.debug_macinfo
 *(.debug_macinfo)
OUTPUT(main.elf elf32-avr)
LOAD linker stubs

Cross Reference Table

Symbol                                            File
CHAR2BCD2                                         bcd.o
                                                  main.o
CHAR2BCD3                                         bcd.o
CONTRAST                                          lcd_functions.o
KEY                                               main.o
KEY_VALID                                         main.o
LCD_AllSegments                                   lcd_driver.o
LCD_Clear                                         lcd_functions.o
LCD_Colon                                         lcd_functions.o
                                                  main.o
LCD_Data                                          lcd_driver.o
LCD_FlashReset                                    lcd_functions.o
LCD_Init                                          lcd_driver.o
                                                  main.o
LCD_UpdateRequired                                lcd_functions.o
                                                  main.o
LCD_WriteDigit                                    lcd_driver.o
LCD_character_table                               lcd_driver.o
LCD_putc                                          lcd_functions.o
                                                  main.o
LCD_puts                                          lcd_functions.o
LCD_puts_f                                        lcd_functions.o
OSCCAL_calibration                                main.o
PinChangeInterrupt                                main.o
RTC_init                                          main.o
__bad_interrupt                                   c:/winavr-20100110/bin/../lib/gcc/avr/4.3.3/../../../../avr/lib/avr5/crtm169.o
__bss_end                                         c:/winavr-20100110/bin/../lib/gcc/avr/4.3.3/avr5\libgcc.a(_clear_bss.o)
__bss_start                                       c:/winavr-20100110/bin/../lib/gcc/avr/4.3.3/avr5\libgcc.a(_clear_bss.o)
__data_end                                        c:/winavr-20100110/bin/../lib/gcc/avr/4.3.3/avr5\libgcc.a(_copy_data.o)
__data_load_start                                 c:/winavr-20100110/bin/../lib/gcc/avr/4.3.3/avr5\libgcc.a(_copy_data.o)
__data_start                                      c:/winavr-20100110/bin/../lib/gcc/avr/4.3.3/avr5\libgcc.a(_copy_data.o)
__do_clear_bss                                    c:/winavr-20100110/bin/../lib/gcc/avr/4.3.3/avr5\libgcc.a(_clear_bss.o)
                                                  lcd_driver.o
                                                  main.o
__do_copy_data                                    c:/winavr-20100110/bin/../lib/gcc/avr/4.3.3/avr5\libgcc.a(_copy_data.o)
                                                  lcd_functions.o
                                                  lcd_driver.o
__heap_end                                        c:/winavr-20100110/bin/../lib/gcc/avr/4.3.3/../../../../avr/lib/avr5/crtm169.o
__init                                            c:/winavr-20100110/bin/../lib/gcc/avr/4.3.3/../../../../avr/lib/avr5/crtm169.o
__stack                                           c:/winavr-20100110/bin/../lib/gcc/avr/4.3.3/../../../../avr/lib/avr5/crtm169.o
__udivmodqi4                                      c:/winavr-20100110/bin/../lib/gcc/avr/4.3.3/avr5\libgcc.a(_udivmodqi4.o)
                                                  bcd.o
__vector_1                                        c:/winavr-20100110/bin/../lib/gcc/avr/4.3.3/../../../../avr/lib/avr5/crtm169.o
__vector_10                                       main.o
                                                  c:/winavr-20100110/bin/../lib/gcc/avr/4.3.3/../../../../avr/lib/avr5/crtm169.o
__vector_11                                       c:/winavr-20100110/bin/../lib/gcc/avr/4.3.3/../../../../avr/lib/avr5/crtm169.o
__vector_12                                       c:/winavr-20100110/bin/../lib/gcc/avr/4.3.3/../../../../avr/lib/avr5/crtm169.o
__vector_13                                       c:/winavr-20100110/bin/../lib/gcc/avr/4.3.3/../../../../avr/lib/avr5/crtm169.o
__vector_14                                       c:/winavr-20100110/bin/../lib/gcc/avr/4.3.3/../../../../avr/lib/avr5/crtm169.o
__vector_15                                       c:/winavr-20100110/bin/../lib/gcc/avr/4.3.3/../../../../avr/lib/avr5/crtm169.o
__vector_16                                       c:/winavr-20100110/bin/../lib/gcc/avr/4.3.3/../../../../avr/lib/avr5/crtm169.o
__vector_17                                       c:/winavr-20100110/bin/../lib/gcc/avr/4.3.3/../../../../avr/lib/avr5/crtm169.o
__vector_18                                       c:/winavr-20100110/bin/../lib/gcc/avr/4.3.3/../../../../avr/lib/avr5/crtm169.o
__vector_19                                       c:/winavr-20100110/bin/../lib/gcc/avr/4.3.3/../../../../avr/lib/avr5/crtm169.o
__vector_2                                        main.o
                                                  c:/winavr-20100110/bin/../lib/gcc/avr/4.3.3/../../../../avr/lib/avr5/crtm169.o
__vector_20                                       c:/winavr-20100110/bin/../lib/gcc/avr/4.3.3/../../../../avr/lib/avr5/crtm169.o
__vector_21                                       c:/winavr-20100110/bin/../lib/gcc/avr/4.3.3/../../../../avr/lib/avr5/crtm169.o
__vector_22                                       lcd_driver.o
                                                  c:/winavr-20100110/bin/../lib/gcc/avr/4.3.3/../../../../avr/lib/avr5/crtm169.o
__vector_3                                        main.o
                                                  c:/winavr-20100110/bin/../lib/gcc/avr/4.3.3/../../../../avr/lib/avr5/crtm169.o
__vector_4                                        c:/winavr-20100110/bin/../lib/gcc/avr/4.3.3/../../../../avr/lib/avr5/crtm169.o
__vector_5                                        c:/winavr-20100110/bin/../lib/gcc/avr/4.3.3/../../../../avr/lib/avr5/crtm169.o
__vector_6                                        c:/winavr-20100110/bin/../lib/gcc/avr/4.3.3/../../../../avr/lib/avr5/crtm169.o
__vector_7                                        c:/winavr-20100110/bin/../lib/gcc/avr/4.3.3/../../../../avr/lib/avr5/crtm169.o
__vector_8                                        c:/winavr-20100110/bin/../lib/gcc/avr/4.3.3/../../../../avr/lib/avr5/crtm169.o
__vector_9                                        c:/winavr-20100110/bin/../lib/gcc/avr/4.3.3/../../../../avr/lib/avr5/crtm169.o
__vector_default                                  c:/winavr-20100110/bin/../lib/gcc/avr/4.3.3/../../../../avr/lib/avr5/crtm169.o
__vectors                                         c:/winavr-20100110/bin/../lib/gcc/avr/4.3.3/../../../../avr/lib/avr5/crtm169.o
_exit                                             c:/winavr-20100110/bin/../lib/gcc/avr/4.3.3/avr5\libgcc.a(_exit.o)
active                                            main.o
exit                                              c:/winavr-20100110/bin/../lib/gcc/avr/4.3.3/avr5\libgcc.a(_exit.o)
                                                  c:/winavr-20100110/bin/../lib/gcc/avr/4.3.3/../../../../avr/lib/avr5/crtm169.o
gColon                                            lcd_driver.o
                                                  lcd_functions.o
gFlashTimer                                       lcd_driver.o
                                                  lcd_functions.o
gLCD_Start_Scroll_Timer                           lcd_driver.o
                                                  lcd_functions.o
gLCD_Update_Required                              lcd_driver.o
                                                  lcd_functions.o
gMILLISECOND                                      main.o
gMINUTE                                           main.o
gSECOND                                           main.o
gScroll                                           lcd_functions.o
                                                  lcd_driver.o
gScrollMode                                       lcd_functions.o
                                                  lcd_driver.o
gTextBuffer                                       lcd_functions.o
                                                  lcd_driver.o
getkey                                            main.o
input                                             main.o
main                                              main.o
                                                  c:/winavr-20100110/bin/../lib/gcc/avr/4.3.3/../../../../avr/lib/avr5/crtm169.o
showClock                                         main.o
time                                              main.o
